v1 overnight fetch — 28 cell(s) planned
  samples_dir     = C:\Users\j.guthrie\Downloads\RESEARCH\infra_fm\data\PIPELINE\03-v1-samples
  datasets_dir    = C:\Users\j.guthrie\Downloads\RESEARCH\infra_fm\data\curated_datasets
  checkpoints_dir = C:\Users\j.guthrie\Downloads\RESEARCH\infra_fm\data\checkpoints\v1
  modalities      = ['sentinel2_ms', 'sentinel1']
  buffer_m        = 300  (=> 600m tile)
  workers         = 8/16
  order           = smallest_per_region

idx  region               sector       n_assets
  0  central-america      telecom             1
  1  central-america      transport         570
  2  central-america      water           2,591
  3  central-america      energy          2,612
  4  australia-oceania    telecom            12
  5  australia-oceania    transport       2,178
  6  australia-oceania    energy          6,492
  7  australia-oceania    water          10,000
  8  south-america        telecom             8
  9  south-america        transport       3,997
 10  south-america        energy          9,999
 11  south-america        water          10,001
 12  africa               telecom             1
 13  africa               transport       5,297
 14  africa               energy         10,000
 15  africa               water          10,000
 16  asia                 telecom            32
 17  asia                 energy          9,999
 18  asia                 water          10,000
 19  asia                 transport      10,001
 20  north-america        telecom           279
 21  north-america        transport       7,757
 22  north-america        energy         10,000
 23  north-america        water          10,000
 24  europe               telecom           345
 25  europe               energy         10,000
 26  europe               water          10,000
 27  europe               transport      10,000
     TOTAL                              162,172

>>> [1/28] central-america/telecom (n=1)

========================================================================
CELL  central-america/telecom   (2026-06-03 15:52:44)
========================================================================
  [skip] C:\Users\j.guthrie\Downloads\RESEARCH\infra_fm\data\curated_datasets\dataset_central-america_telecom_v1\_SUCCESS already exists

>>> [2/28] central-america/transport (n=570)

========================================================================
CELL  central-america/transport   (2026-06-03 15:52:44)
========================================================================
  [skip] C:\Users\j.guthrie\Downloads\RESEARCH\infra_fm\data\curated_datasets\dataset_central-america_transport_v1\_SUCCESS already exists

>>> [3/28] central-america/water (n=2,591)

========================================================================
CELL  central-america/water   (2026-06-03 15:52:44)
========================================================================
  [skip] C:\Users\j.guthrie\Downloads\RESEARCH\infra_fm\data\curated_datasets\dataset_central-america_water_v1\_SUCCESS already exists

>>> [4/28] central-america/energy (n=2,612)

========================================================================
CELL  central-america/energy   (2026-06-03 15:52:44)
========================================================================
  [skip] C:\Users\j.guthrie\Downloads\RESEARCH\infra_fm\data\curated_datasets\dataset_central-america_energy_v1\_SUCCESS already exists

>>> [5/28] australia-oceania/telecom (n=12)

========================================================================
CELL  australia-oceania/telecom   (2026-06-03 15:52:44)
========================================================================
  [skip] C:\Users\j.guthrie\Downloads\RESEARCH\infra_fm\data\curated_datasets\dataset_australia-oceania_telecom_v1\_SUCCESS already exists

>>> [6/28] australia-oceania/transport (n=2,178)

========================================================================
CELL  australia-oceania/transport   (2026-06-03 15:52:44)
========================================================================
  [skip] C:\Users\j.guthrie\Downloads\RESEARCH\infra_fm\data\curated_datasets\dataset_australia-oceania_transport_v1\_SUCCESS already exists

>>> [7/28] australia-oceania/energy (n=6,492)

========================================================================
CELL  australia-oceania/energy   (2026-06-03 15:52:44)
========================================================================
  [skip] C:\Users\j.guthrie\Downloads\RESEARCH\infra_fm\data\curated_datasets\dataset_australia-oceania_energy_v1\_SUCCESS already exists

>>> [8/28] australia-oceania/water (n=10,000)

========================================================================
CELL  australia-oceania/water   (2026-06-03 15:52:44)
========================================================================
  [skip] C:\Users\j.guthrie\Downloads\RESEARCH\infra_fm\data\curated_datasets\dataset_australia-oceania_water_v1\_SUCCESS already exists

>>> [9/28] south-america/telecom (n=8)

========================================================================
CELL  south-america/telecom   (2026-06-03 15:52:44)
========================================================================
  [skip] C:\Users\j.guthrie\Downloads\RESEARCH\infra_fm\data\curated_datasets\dataset_south-america_telecom_v1\_SUCCESS already exists

>>> [10/28] south-america/transport (n=3,997)

========================================================================
CELL  south-america/transport   (2026-06-03 15:52:44)
========================================================================
  [skip] C:\Users\j.guthrie\Downloads\RESEARCH\infra_fm\data\curated_datasets\dataset_south-america_transport_v1\_SUCCESS already exists

>>> [11/28] south-america/energy (n=9,999)

========================================================================
CELL  south-america/energy   (2026-06-03 15:52:44)
========================================================================
  [skip] C:\Users\j.guthrie\Downloads\RESEARCH\infra_fm\data\curated_datasets\dataset_south-america_energy_v1\_SUCCESS already exists

>>> [12/28] south-america/water (n=10,001)

========================================================================
CELL  south-america/water   (2026-06-03 15:52:44)
========================================================================
  [skip] C:\Users\j.guthrie\Downloads\RESEARCH\infra_fm\data\curated_datasets\dataset_south-america_water_v1\_SUCCESS already exists

>>> [13/28] africa/telecom (n=1)

========================================================================
CELL  africa/telecom   (2026-06-03 15:52:44)
========================================================================
  [skip] C:\Users\j.guthrie\Downloads\RESEARCH\infra_fm\data\curated_datasets\dataset_africa_telecom_v1\_SUCCESS already exists

>>> [14/28] africa/transport (n=5,297)

========================================================================
CELL  africa/transport   (2026-06-03 15:52:44)
========================================================================
  [skip] C:\Users\j.guthrie\Downloads\RESEARCH\infra_fm\data\curated_datasets\dataset_africa_transport_v1\_SUCCESS already exists

>>> [15/28] africa/energy (n=10,000)

========================================================================
CELL  africa/energy   (2026-06-03 15:52:44)
========================================================================
  loaded 10,000 assets from africa_energy_v1_sample.parquet
  [1/4] STAC fetch ...
STACImageryFetcher: modalities=['sentinel2_ms', 'sentinel1'], n_bands=9, temporal_stack=False, buffer_m=300, workers=8 (adaptive)
  Resuming from checkpoint: 3800 tiles already fetched
  STAC fetch: 6200 assets pending (3800 already checkpointed)
  [3810/10000] (38%) ok=3810 fail=0 workers=8
  [3820/10000] (38%) ok=3820 fail=0 workers=8
  [concurrency] workers=16 | throughput=0.4 tiles/s | fail_rate=0.0% | ^ increase (throughput improving)
  [3830/10000] (38%) ok=3830 fail=0 workers=16
  [3840/10000] (38%) ok=3840 fail=0 workers=16
  [concurrency] workers=16 | throughput=0.4 tiles/s | fail_rate=0.0% | -> nudge up
  [3850/10000] (38%) ok=3848 fail=2 workers=16
  [3860/10000] (39%) ok=3858 fail=2 workers=16
  [concurrency] workers=16 | throughput=0.9 tiles/s | fail_rate=10.0% | ^ increase (throughput improving)
  [3870/10000] (39%) ok=3868 fail=2 workers=16
  [3880/10000] (39%) ok=3878 fail=2 workers=16
  [concurrency] workers=8 | throughput=0.2 tiles/s | fail_rate=0.0% | v decrease (throughput degrading)
  [3890/10000] (39%) ok=3888 fail=2 workers=8
C:\Users\j.guthrie\Downloads\RESEARCH\infra_fm\curation\stac_imagery.py:240: RuntimeWarning: invalid value encountered in log10
  arr = np.where(arr > 0, 10 * np.log10(arr + 1e-10), vmin)
  [3900/10000] (39%) ok=3898 fail=2 workers=8
  [concurrency] workers=16 | throughput=0.9 tiles/s | fail_rate=0.0% | ^ increase (throughput improving)
  [3910/10000] (39%) ok=3908 fail=2 workers=16
  [3920/10000] (39%) ok=3918 fail=2 workers=16
  [concurrency] workers=8 | throughput=0.5 tiles/s | fail_rate=0.0% | v decrease (throughput degrading)
  [3930/10000] (39%) ok=3928 fail=2 workers=8
  [3940/10000] (39%) ok=3938 fail=2 workers=8
  [concurrency] workers=8 | throughput=0.3 tiles/s | fail_rate=0.0% | v decrease (throughput degrading)
  [3950/10000] (40%) ok=3948 fail=2 workers=8
  [3960/10000] (40%) ok=3958 fail=2 workers=8
  [concurrency] workers=12 | throughput=0.6 tiles/s | fail_rate=0.0% | -> nudge up
  [3970/10000] (40%) ok=3968 fail=2 workers=12
  [3980/10000] (40%) ok=3978 fail=2 workers=12
  [concurrency] workers=16 | throughput=0.7 tiles/s | fail_rate=0.0% | -> nudge up
  [3990/10000] (40%) ok=3988 fail=2 workers=16
  [4000/10000] (40%) ok=3998 fail=2 workers=16
  [concurrency] workers=16 | throughput=0.9 tiles/s | fail_rate=0.0% | -> nudge up
  checkpoint saved at 4000 ok tiles
  [4010/10000] (40%) ok=4008 fail=2 workers=16
  [4020/10000] (40%) ok=4018 fail=2 workers=16
  [concurrency] workers=8 | throughput=0.6 tiles/s | fail_rate=0.0% | v decrease (throughput degrading)
  [4030/10000] (40%) ok=4028 fail=2 workers=8
  [4040/10000] (40%) ok=4038 fail=2 workers=8
  [concurrency] workers=12 | throughput=0.7 tiles/s | fail_rate=0.0% | -> nudge up
  [4050/10000] (40%) ok=4048 fail=2 workers=12
  [4060/10000] (41%) ok=4058 fail=2 workers=12
  [concurrency] workers=16 | throughput=0.7 tiles/s | fail_rate=0.0% | -> nudge up
  [4070/10000] (41%) ok=4068 fail=2 workers=16
  [4080/10000] (41%) ok=4078 fail=2 workers=16
  [concurrency] workers=16 | throughput=0.8 tiles/s | fail_rate=0.0% | -> nudge up
  [4090/10000] (41%) ok=4088 fail=2 workers=16
  [4100/10000] (41%) ok=4098 fail=2 workers=16
  [concurrency] workers=8 | throughput=0.6 tiles/s | fail_rate=0.0% | v decrease (throughput degrading)
  [4110/10000] (41%) ok=4108 fail=2 workers=8
  [4120/10000] (41%) ok=4118 fail=2 workers=8
  [concurrency] workers=12 | throughput=0.7 tiles/s | fail_rate=0.0% | -> nudge up
  [4130/10000] (41%) ok=4128 fail=2 workers=12
  [4140/10000] (41%) ok=4138 fail=2 workers=12
  [concurrency] workers=16 | throughput=0.8 tiles/s | fail_rate=0.0% | -> nudge up
  [4150/10000] (42%) ok=4148 fail=2 workers=16
  [4160/10000] (42%) ok=4158 fail=2 workers=16
  [concurrency] workers=16 | throughput=0.7 tiles/s | fail_rate=0.0% | -> nudge up
  [4170/10000] (42%) ok=4168 fail=2 workers=16
  [4180/10000] (42%) ok=4178 fail=2 workers=16
  [concurrency] workers=16 | throughput=0.8 tiles/s | fail_rate=0.0% | -> nudge up
  [4190/10000] (42%) ok=4188 fail=2 workers=16
  [4200/10000] (42%) ok=4198 fail=2 workers=16
  [concurrency] workers=16 | throughput=0.9 tiles/s | fail_rate=0.0% | -> nudge up
  checkpoint saved at 4200 ok tiles
  [4210/10000] (42%) ok=4208 fail=2 workers=16
  [4220/10000] (42%) ok=4218 fail=2 workers=16
  [concurrency] workers=16 | throughput=1.1 tiles/s | fail_rate=0.0% | ^ increase (throughput improving)
  [4230/10000] (42%) ok=4228 fail=2 workers=16
  [4240/10000] (42%) ok=4238 fail=2 workers=16
  [concurrency] workers=8 | throughput=0.9 tiles/s | fail_rate=0.0% | v decrease (throughput degrading)
  [4250/10000] (42%) ok=4248 fail=2 workers=8
  [4260/10000] (43%) ok=4258 fail=2 workers=8
  [concurrency] workers=16 | throughput=1.2 tiles/s | fail_rate=0.0% | ^ increase (throughput improving)
  [4270/10000] (43%) ok=4268 fail=2 workers=16
  [4280/10000] (43%) ok=4278 fail=2 workers=16
  [concurrency] workers=8 | throughput=0.9 tiles/s | fail_rate=0.0% | v decrease (throughput degrading)
  [4290/10000] (43%) ok=4288 fail=2 workers=8
  [4300/10000] (43%) ok=4298 fail=2 workers=8
  [concurrency] workers=12 | throughput=1.1 tiles/s | fail_rate=0.0% | -> nudge up
  [4310/10000] (43%) ok=4308 fail=2 workers=12
  [4320/10000] (43%) ok=4318 fail=2 workers=12
  [concurrency] workers=16 | throughput=1.1 tiles/s | fail_rate=0.0% | -> nudge up
  [4330/10000] (43%) ok=4328 fail=2 workers=16
