v1 overnight fetch — 28 cell(s) planned
  samples_dir     = C:\Users\j.guthrie\Downloads\RESEARCH\infra_fm\data\PIPELINE\03-v1-samples
  datasets_dir    = C:\Users\j.guthrie\Downloads\RESEARCH\infra_fm\data\curated_datasets
  checkpoints_dir = C:\Users\j.guthrie\Downloads\RESEARCH\infra_fm\data\checkpoints\v1
  modalities      = ['sentinel2_ms', 'sentinel1']
  buffer_m        = 300  (=> 600m tile)
  workers         = 8/16
  order           = smallest_per_region

idx  region               sector       n_assets
  0  central-america      telecom             1
  1  central-america      transport         570
  2  central-america      water           2,591
  3  central-america      energy          2,612
  4  australia-oceania    telecom            12
  5  australia-oceania    transport       2,178
  6  australia-oceania    energy          6,492
  7  australia-oceania    water          10,000
  8  south-america        telecom             8
  9  south-america        transport       3,997
 10  south-america        energy          9,999
 11  south-america        water          10,001
 12  africa               telecom             1
 13  africa               transport       5,297
 14  africa               energy         10,000
 15  africa               water          10,000
 16  asia                 telecom            32
 17  asia                 energy          9,999
 18  asia                 water          10,000
 19  asia                 transport      10,001
 20  north-america        telecom           279
 21  north-america        transport       7,757
 22  north-america        energy         10,000
 23  north-america        water          10,000
 24  europe               telecom           345
 25  europe               energy         10,000
 26  europe               water          10,000
 27  europe               transport      10,000
     TOTAL                              162,172

>>> [1/28] central-america/telecom (n=1)

========================================================================
CELL  central-america/telecom   (2026-06-04 08:56:27)
========================================================================
  [skip] C:\Users\j.guthrie\Downloads\RESEARCH\infra_fm\data\curated_datasets\dataset_central-america_telecom_v1\_SUCCESS already exists

>>> [2/28] central-america/transport (n=570)

========================================================================
CELL  central-america/transport   (2026-06-04 08:56:27)
========================================================================
  [skip] C:\Users\j.guthrie\Downloads\RESEARCH\infra_fm\data\curated_datasets\dataset_central-america_transport_v1\_SUCCESS already exists

>>> [3/28] central-america/water (n=2,591)

========================================================================
CELL  central-america/water   (2026-06-04 08:56:27)
========================================================================
  [skip] C:\Users\j.guthrie\Downloads\RESEARCH\infra_fm\data\curated_datasets\dataset_central-america_water_v1\_SUCCESS already exists

>>> [4/28] central-america/energy (n=2,612)

========================================================================
CELL  central-america/energy   (2026-06-04 08:56:27)
========================================================================
  [skip] C:\Users\j.guthrie\Downloads\RESEARCH\infra_fm\data\curated_datasets\dataset_central-america_energy_v1\_SUCCESS already exists

>>> [5/28] australia-oceania/telecom (n=12)

========================================================================
CELL  australia-oceania/telecom   (2026-06-04 08:56:27)
========================================================================
  [skip] C:\Users\j.guthrie\Downloads\RESEARCH\infra_fm\data\curated_datasets\dataset_australia-oceania_telecom_v1\_SUCCESS already exists

>>> [6/28] australia-oceania/transport (n=2,178)

========================================================================
CELL  australia-oceania/transport   (2026-06-04 08:56:27)
========================================================================
  [skip] C:\Users\j.guthrie\Downloads\RESEARCH\infra_fm\data\curated_datasets\dataset_australia-oceania_transport_v1\_SUCCESS already exists

>>> [7/28] australia-oceania/energy (n=6,492)

========================================================================
CELL  australia-oceania/energy   (2026-06-04 08:56:27)
========================================================================
  [skip] C:\Users\j.guthrie\Downloads\RESEARCH\infra_fm\data\curated_datasets\dataset_australia-oceania_energy_v1\_SUCCESS already exists

>>> [8/28] australia-oceania/water (n=10,000)

========================================================================
CELL  australia-oceania/water   (2026-06-04 08:56:27)
========================================================================
  [skip] C:\Users\j.guthrie\Downloads\RESEARCH\infra_fm\data\curated_datasets\dataset_australia-oceania_water_v1\_SUCCESS already exists

>>> [9/28] south-america/telecom (n=8)

========================================================================
CELL  south-america/telecom   (2026-06-04 08:56:27)
========================================================================
  [skip] C:\Users\j.guthrie\Downloads\RESEARCH\infra_fm\data\curated_datasets\dataset_south-america_telecom_v1\_SUCCESS already exists

>>> [10/28] south-america/transport (n=3,997)

========================================================================
CELL  south-america/transport   (2026-06-04 08:56:27)
========================================================================
  [skip] C:\Users\j.guthrie\Downloads\RESEARCH\infra_fm\data\curated_datasets\dataset_south-america_transport_v1\_SUCCESS already exists

>>> [11/28] south-america/energy (n=9,999)

========================================================================
CELL  south-america/energy   (2026-06-04 08:56:27)
========================================================================
  [skip] C:\Users\j.guthrie\Downloads\RESEARCH\infra_fm\data\curated_datasets\dataset_south-america_energy_v1\_SUCCESS already exists

>>> [12/28] south-america/water (n=10,001)

========================================================================
CELL  south-america/water   (2026-06-04 08:56:27)
========================================================================
  [skip] C:\Users\j.guthrie\Downloads\RESEARCH\infra_fm\data\curated_datasets\dataset_south-america_water_v1\_SUCCESS already exists

>>> [13/28] africa/telecom (n=1)

========================================================================
CELL  africa/telecom   (2026-06-04 08:56:27)
========================================================================
  [skip] C:\Users\j.guthrie\Downloads\RESEARCH\infra_fm\data\curated_datasets\dataset_africa_telecom_v1\_SUCCESS already exists

>>> [14/28] africa/transport (n=5,297)

========================================================================
CELL  africa/transport   (2026-06-04 08:56:27)
========================================================================
  loaded 5,297 assets from africa_transport_v1_sample.parquet
  [1/4] STAC fetch ...
STACImageryFetcher: modalities=['sentinel2_ms', 'sentinel1'], n_bands=9, temporal_stack=False, buffer_m=300, workers=8 (adaptive)
  Resuming from checkpoint: 3007 tiles already fetched
  STAC fetch: 2297 assets pending (3000 already checkpointed)
  [3010/5297] (57%) ok=3003 fail=7 workers=8
  [3020/5297] (57%) ok=3013 fail=7 workers=8
  [concurrency] workers=16 | throughput=0.2 tiles/s | fail_rate=0.0% | ^ increase (throughput improving)
  [3030/5297] (57%) ok=3023 fail=7 workers=16
  [3040/5297] (57%) ok=3033 fail=7 workers=16
C:\Users\j.guthrie\Downloads\RESEARCH\infra_fm\curation\stac_imagery.py:240: RuntimeWarning: invalid value encountered in log10
  arr = np.where(arr > 0, 10 * np.log10(arr + 1e-10), vmin)
  [concurrency] workers=16 | throughput=0.2 tiles/s | fail_rate=0.0% | ^ increase (throughput improving)
  [3050/5297] (58%) ok=3043 fail=7 workers=16
  [3060/5297] (58%) ok=3052 fail=8 workers=16
  [concurrency] workers=8 | throughput=0.1 tiles/s | fail_rate=10.0% | v decrease (throughput degrading)
  [3070/5297] (58%) ok=3061 fail=9 workers=8
  [3080/5297] (58%) ok=3070 fail=10 workers=8
  [concurrency] workers=12 | throughput=0.1 tiles/s | fail_rate=5.0% | -> nudge up
  [3090/5297] (58%) ok=3080 fail=10 workers=12
  [3100/5297] (59%) ok=3089 fail=11 workers=12
  [concurrency] workers=8 | throughput=0.1 tiles/s | fail_rate=5.0% | v decrease (throughput degrading)
  [3110/5297] (59%) ok=3099 fail=11 workers=8
  [3120/5297] (59%) ok=3108 fail=12 workers=8
  [concurrency] workers=12 | throughput=0.2 tiles/s | fail_rate=5.0% | -> nudge up
  [3130/5297] (59%) ok=3118 fail=12 workers=12
  [3140/5297] (59%) ok=3127 fail=13 workers=12
  [concurrency] workers=8 | throughput=0.1 tiles/s | fail_rate=5.0% | v decrease (throughput degrading)
  [3150/5297] (59%) ok=3137 fail=13 workers=8
  [3160/5297] (60%) ok=3147 fail=13 workers=8
  [concurrency] workers=12 | throughput=0.2 tiles/s | fail_rate=0.0% | -> nudge up
  [3170/5297] (60%) ok=3157 fail=13 workers=12
  [3180/5297] (60%) ok=3166 fail=14 workers=12
  [concurrency] workers=8 | throughput=0.1 tiles/s | fail_rate=5.0% | v decrease (throughput degrading)
  [3190/5297] (60%) ok=3176 fail=14 workers=8
  [3200/5297] (60%) ok=3186 fail=14 workers=8
  [concurrency] workers=12 | throughput=0.1 tiles/s | fail_rate=0.0% | -> nudge up
  [3210/5297] (61%) ok=3196 fail=14 workers=12
  checkpoint saved at 3200 ok tiles
  [3220/5297] (61%) ok=3206 fail=14 workers=12
  [concurrency] workers=8 | throughput=0.1 tiles/s | fail_rate=0.0% | v decrease (throughput degrading)
  [3230/5297] (61%) ok=3215 fail=15 workers=8
  [3240/5297] (61%) ok=3221 fail=19 workers=8
  [concurrency] workers=8 | throughput=0.1 tiles/s | fail_rate=35.0% | v back off (high fail rate)
  [3250/5297] (61%) ok=3227 fail=23 workers=8
  [3260/5297] (62%) ok=3234 fail=26 workers=8
  [concurrency] workers=8 | throughput=0.1 tiles/s | fail_rate=25.0% | v back off (high fail rate)
  [3270/5297] (62%) ok=3243 fail=27 workers=8
  [3280/5297] (62%) ok=3251 fail=29 workers=8
  [concurrency] workers=8 | throughput=0.1 tiles/s | fail_rate=15.0% | v back off (high fail rate)
  [3290/5297] (62%) ok=3261 fail=29 workers=8
  [3300/5297] (62%) ok=3269 fail=31 workers=8
  [concurrency] workers=8 | throughput=0.1 tiles/s | fail_rate=15.0% | v back off (high fail rate)
  [3310/5297] (62%) ok=3278 fail=32 workers=8
  [3320/5297] (63%) ok=3287 fail=33 workers=8
  [concurrency] workers=12 | throughput=0.1 tiles/s | fail_rate=5.0% | -> nudge up
  [3330/5297] (63%) ok=3297 fail=33 workers=12
  [3340/5297] (63%) ok=3305 fail=35 workers=12
  [concurrency] workers=8 | throughput=0.1 tiles/s | fail_rate=20.0% | v back off (high fail rate)
  [3350/5297] (63%) ok=3310 fail=40 workers=8
  [3360/5297] (63%) ok=3317 fail=43 workers=8
  [concurrency] workers=8 | throughput=0.1 tiles/s | fail_rate=40.0% | v back off (high fail rate)
  [3370/5297] (64%) ok=3324 fail=46 workers=8
  [3380/5297] (64%) ok=3334 fail=46 workers=8
  [concurrency] workers=8 | throughput=0.1 tiles/s | fail_rate=20.0% | v back off (high fail rate)
  [3390/5297] (64%) ok=3341 fail=49 workers=8
  [3400/5297] (64%) ok=3351 fail=49 workers=8
  [concurrency] workers=12 | throughput=0.1 tiles/s | fail_rate=5.0% | -> nudge up
  [3410/5297] (64%) ok=3360 fail=50 workers=12
  [3420/5297] (65%) ok=3369 fail=51 workers=12
  [concurrency] workers=8 | throughput=0.1 tiles/s | fail_rate=10.0% | v decrease (throughput degrading)
  [3430/5297] (65%) ok=3378 fail=52 workers=8
  [3440/5297] (65%) ok=3387 fail=53 workers=8
  [concurrency] workers=12 | throughput=0.1 tiles/s | fail_rate=5.0% | -> nudge up
  [3450/5297] (65%) ok=3397 fail=53 workers=12
  checkpoint saved at 3400 ok tiles
  [3460/5297] (65%) ok=3407 fail=53 workers=12
  [concurrency] workers=16 | throughput=0.1 tiles/s | fail_rate=5.0% | -> nudge up
  [3470/5297] (66%) ok=3416 fail=54 workers=16
  [3480/5297] (66%) ok=3422 fail=58 workers=16
  [concurrency] workers=8 | throughput=0.1 tiles/s | fail_rate=20.0% | v back off (high fail rate)
  [3490/5297] (66%) ok=3430 fail=60 workers=8
  [3500/5297] (66%) ok=3435 fail=65 workers=8
  [concurrency] workers=8 | throughput=0.1 tiles/s | fail_rate=35.0% | v back off (high fail rate)
  [3510/5297] (66%) ok=3445 fail=65 workers=8
  [3520/5297] (66%) ok=3455 fail=65 workers=8
  [concurrency] workers=12 | throughput=0.2 tiles/s | fail_rate=0.0% | -> nudge up
  [3530/5297] (67%) ok=3465 fail=65 workers=12
  [3540/5297] (67%) ok=3475 fail=65 workers=12
  [concurrency] workers=16 | throughput=0.3 tiles/s | fail_rate=5.0% | ^ increase (throughput improving)
  [3550/5297] (67%) ok=3484 fail=66 workers=16
  [3560/5297] (67%) ok=3494 fail=66 workers=16
  [concurrency] workers=8 | throughput=0.1 tiles/s | fail_rate=0.0% | v decrease (throughput degrading)
  [3570/5297] (67%) ok=3504 fail=66 workers=8
  [3580/5297] (68%) ok=3514 fail=66 workers=8
  [concurrency] workers=8 | throughput=0.1 tiles/s | fail_rate=0.0% | v decrease (throughput degrading)
  [3590/5297] (68%) ok=3524 fail=66 workers=8
  [3600/5297] (68%) ok=3534 fail=66 workers=8
  [concurrency] workers=12 | throughput=0.1 tiles/s | fail_rate=0.0% | -> nudge up
  [3610/5297] (68%) ok=3543 fail=67 workers=12
  [3620/5297] (68%) ok=3552 fail=68 workers=12
  [concurrency] workers=8 | throughput=0.0 tiles/s | fail_rate=25.0% | v back off (high fail rate)
  [3630/5297] (69%) ok=3559 fail=71 workers=8
  [3640/5297] (69%) ok=3569 fail=71 workers=8
  [concurrency] workers=12 | throughput=0.1 tiles/s | fail_rate=0.0% | -> nudge up
  [3650/5297] (69%) ok=3579 fail=71 workers=12
  [3660/5297] (69%) ok=3588 fail=72 workers=12
  [concurrency] workers=16 | throughput=0.1 tiles/s | fail_rate=5.0% | -> nudge up
  [3670/5297] (69%) ok=3598 fail=72 workers=16
  checkpoint saved at 3600 ok tiles
  [3680/5297] (69%) ok=3608 fail=72 workers=16
  [concurrency] workers=16 | throughput=0.2 tiles/s | fail_rate=0.0% | -> nudge up
  [3690/5297] (70%) ok=3618 fail=72 workers=16
  [3700/5297] (70%) ok=3628 fail=72 workers=16
  [concurrency] workers=16 | throughput=0.1 tiles/s | fail_rate=0.0% | -> nudge up
  [3710/5297] (70%) ok=3638 fail=72 workers=16
  [3720/5297] (70%) ok=3647 fail=73 workers=16
  [concurrency] workers=8 | throughput=0.1 tiles/s | fail_rate=5.0% | v decrease (throughput degrading)
  [3730/5297] (70%) ok=3657 fail=73 workers=8
  [3740/5297] (71%) ok=3667 fail=73 workers=8
  [concurrency] workers=12 | throughput=0.1 tiles/s | fail_rate=0.0% | -> nudge up
  [3750/5297] (71%) ok=3677 fail=73 workers=12
  [3760/5297] (71%) ok=3685 fail=75 workers=12
  [concurrency] workers=8 | throughput=0.1 tiles/s | fail_rate=15.0% | v back off (high fail rate)
  [3770/5297] (71%) ok=3694 fail=76 workers=8
  [3780/5297] (71%) ok=3702 fail=78 workers=8
  [concurrency] workers=8 | throughput=0.1 tiles/s | fail_rate=20.0% | v back off (high fail rate)
  [3790/5297] (72%) ok=3710 fail=80 workers=8
  [3800/5297] (72%) ok=3717 fail=83 workers=8
  [concurrency] workers=8 | throughput=0.1 tiles/s | fail_rate=20.0% | v back off (high fail rate)
  [3810/5297] (72%) ok=3724 fail=86 workers=8
  [3820/5297] (72%) ok=3730 fail=90 workers=8
  [concurrency] workers=8 | throughput=0.1 tiles/s | fail_rate=30.0% | v back off (high fail rate)
  [3830/5297] (72%) ok=3740 fail=90 workers=8
  [3840/5297] (72%) ok=3746 fail=94 workers=8
  [concurrency] workers=8 | throughput=0.1 tiles/s | fail_rate=25.0% | v back off (high fail rate)
  [3850/5297] (73%) ok=3755 fail=95 workers=8
  [3860/5297] (73%) ok=3763 fail=97 workers=8
  [concurrency] workers=12 | throughput=0.1 tiles/s | fail_rate=10.0% | -> nudge up
  [3870/5297] (73%) ok=3773 fail=97 workers=12
  [3880/5297] (73%) ok=3782 fail=98 workers=12
  [concurrency] workers=8 | throughput=0.1 tiles/s | fail_rate=15.0% | v back off (high fail rate)
  [3890/5297] (73%) ok=3790 fail=100 workers=8
  [3900/5297] (74%) ok=3799 fail=101 workers=8
  checkpoint saved at 3800 ok tiles
  [concurrency] workers=12 | throughput=0.1 tiles/s | fail_rate=5.0% | -> nudge up
  [3910/5297] (74%) ok=3808 fail=102 workers=12
  [3920/5297] (74%) ok=3815 fail=105 workers=12
  [concurrency] workers=8 | throughput=0.1 tiles/s | fail_rate=25.0% | v back off (high fail rate)
  [3930/5297] (74%) ok=3824 fail=106 workers=8
  [3940/5297] (74%) ok=3834 fail=106 workers=8
  [concurrency] workers=12 | throughput=0.3 tiles/s | fail_rate=0.0% | -> nudge up
  [3950/5297] (75%) ok=3844 fail=106 workers=12
  [3960/5297] (75%) ok=3854 fail=106 workers=12
  [concurrency] workers=8 | throughput=0.1 tiles/s | fail_rate=5.0% | v decrease (throughput degrading)
  [3970/5297] (75%) ok=3863 fail=107 workers=8
  [3980/5297] (75%) ok=3871 fail=109 workers=8
  [concurrency] workers=8 | throughput=0.1 tiles/s | fail_rate=15.0% | v back off (high fail rate)
  [3990/5297] (75%) ok=3879 fail=111 workers=8
  [4000/5297] (76%) ok=3889 fail=111 workers=8
  [concurrency] workers=12 | throughput=0.1 tiles/s | fail_rate=10.0% | -> nudge up
  [4010/5297] (76%) ok=3898 fail=112 workers=12
  [4020/5297] (76%) ok=3907 fail=113 workers=12
  [concurrency] workers=16 | throughput=0.1 tiles/s | fail_rate=5.0% | -> nudge up
  [4030/5297] (76%) ok=3916 fail=114 workers=16
  [4040/5297] (76%) ok=3924 fail=116 workers=16
  [concurrency] workers=8 | throughput=0.1 tiles/s | fail_rate=30.0% | v back off (high fail rate)
  [4050/5297] (76%) ok=3931 fail=119 workers=8
  [4060/5297] (77%) ok=3939 fail=121 workers=8
  [concurrency] workers=8 | throughput=0.1 tiles/s | fail_rate=15.0% | v back off (high fail rate)
  [4070/5297] (77%) ok=3948 fail=122 workers=8
  [4080/5297] (77%) ok=3953 fail=127 workers=8
  [concurrency] workers=8 | throughput=0.1 tiles/s | fail_rate=30.0% | v back off (high fail rate)
  [4090/5297] (77%) ok=3960 fail=130 workers=8
  [4100/5297] (77%) ok=3968 fail=132 workers=8
  [concurrency] workers=8 | throughput=0.1 tiles/s | fail_rate=20.0% | v back off (high fail rate)
  [4110/5297] (78%) ok=3976 fail=134 workers=8
  [4120/5297] (78%) ok=3980 fail=140 workers=8
  [concurrency] workers=8 | throughput=0.1 tiles/s | fail_rate=45.0% | v back off (high fail rate)
  [4130/5297] (78%) ok=3988 fail=142 workers=8
  [4140/5297] (78%) ok=3993 fail=147 workers=8
  [concurrency] workers=8 | throughput=0.1 tiles/s | fail_rate=40.0% | v back off (high fail rate)
  [4150/5297] (78%) ok=4000 fail=150 workers=8
  checkpoint saved at 4000 ok tiles
  [4160/5297] (79%) ok=4004 fail=156 workers=8
  [concurrency] workers=8 | throughput=0.1 tiles/s | fail_rate=35.0% | v back off (high fail rate)
  [4170/5297] (79%) ok=4011 fail=159 workers=8
  [4180/5297] (79%) ok=4015 fail=165 workers=8
  [concurrency] workers=8 | throughput=0.1 tiles/s | fail_rate=55.0% | v back off (high fail rate)
  [4190/5297] (79%) ok=4022 fail=168 workers=8
  [4200/5297] (79%) ok=4031 fail=169 workers=8
  [concurrency] workers=12 | throughput=0.1 tiles/s | fail_rate=10.0% | -> nudge up
  [4210/5297] (79%) ok=4041 fail=169 workers=12
  [4220/5297] (80%) ok=4051 fail=169 workers=12
  [concurrency] workers=16 | throughput=0.2 tiles/s | fail_rate=0.0% | -> nudge up
  [4230/5297] (80%) ok=4061 fail=169 workers=16
  [4240/5297] (80%) ok=4071 fail=169 workers=16
  [concurrency] workers=8 | throughput=0.1 tiles/s | fail_rate=0.0% | v decrease (throughput degrading)
  [4250/5297] (80%) ok=4081 fail=169 workers=8
  [4260/5297] (80%) ok=4089 fail=171 workers=8
  [concurrency] workers=8 | throughput=0.1 tiles/s | fail_rate=10.0% | v decrease (throughput degrading)
  [4270/5297] (81%) ok=4099 fail=171 workers=8
  [4280/5297] (81%) ok=4108 fail=172 workers=8
  [concurrency] workers=8 | throughput=0.1 tiles/s | fail_rate=10.0% | v decrease (throughput degrading)
  [4290/5297] (81%) ok=4114 fail=176 workers=8
  [4300/5297] (81%) ok=4119 fail=181 workers=8
  [concurrency] workers=8 | throughput=0.1 tiles/s | fail_rate=55.0% | v back off (high fail rate)
  [4310/5297] (81%) ok=4126 fail=184 workers=8
  [4320/5297] (82%) ok=4136 fail=184 workers=8
  [concurrency] workers=12 | throughput=0.2 tiles/s | fail_rate=0.0% | -> nudge up
  [4330/5297] (82%) ok=4146 fail=184 workers=12
  [4340/5297] (82%) ok=4154 fail=186 workers=12
  [concurrency] workers=8 | throughput=0.1 tiles/s | fail_rate=15.0% | v back off (high fail rate)
  [4350/5297] (82%) ok=4163 fail=187 workers=8
  [4360/5297] (82%) ok=4171 fail=189 workers=8
  [concurrency] workers=12 | throughput=0.1 tiles/s | fail_rate=10.0% | -> nudge up
  [4370/5297] (82%) ok=4181 fail=189 workers=12
  [4380/5297] (83%) ok=4190 fail=190 workers=12
  [concurrency] workers=16 | throughput=0.1 tiles/s | fail_rate=5.0% | -> nudge up
  [4390/5297] (83%) ok=4199 fail=191 workers=16
  checkpoint saved at 4200 ok tiles
  [4400/5297] (83%) ok=4207 fail=193 workers=16
  [concurrency] workers=8 | throughput=0.1 tiles/s | fail_rate=20.0% | v back off (high fail rate)
  [4410/5297] (83%) ok=4215 fail=195 workers=8
  [4420/5297] (83%) ok=4224 fail=196 workers=8
  [concurrency] workers=8 | throughput=0.1 tiles/s | fail_rate=10.0% | v decrease (throughput degrading)
  [4430/5297] (84%) ok=4234 fail=196 workers=8
  [4440/5297] (84%) ok=4244 fail=196 workers=8
  [concurrency] workers=12 | throughput=0.1 tiles/s | fail_rate=5.0% | -> nudge up
  [4450/5297] (84%) ok=4252 fail=198 workers=12
  [4460/5297] (84%) ok=4260 fail=200 workers=12
  [concurrency] workers=8 | throughput=0.1 tiles/s | fail_rate=15.0% | v back off (high fail rate)
  [4470/5297] (84%) ok=4270 fail=200 workers=8
  [4480/5297] (85%) ok=4280 fail=200 workers=8
  [concurrency] workers=12 | throughput=0.1 tiles/s | fail_rate=5.0% | -> nudge up
  [4490/5297] (85%) ok=4288 fail=202 workers=12
  [4500/5297] (85%) ok=4297 fail=203 workers=12
  [concurrency] workers=16 | throughput=0.1 tiles/s | fail_rate=10.0% | -> nudge up
  [4510/5297] (85%) ok=4307 fail=203 workers=16
  [4520/5297] (85%) ok=4317 fail=203 workers=16
  [concurrency] workers=16 | throughput=0.2 tiles/s | fail_rate=0.0% | -> nudge up
  [4530/5297] (86%) ok=4327 fail=203 workers=16
  [4540/5297] (86%) ok=4336 fail=204 workers=16
  [concurrency] workers=8 | throughput=0.1 tiles/s | fail_rate=5.0% | v decrease (throughput degrading)
  [4550/5297] (86%) ok=4346 fail=204 workers=8
  [4560/5297] (86%) ok=4356 fail=204 workers=8
  [concurrency] workers=12 | throughput=0.1 tiles/s | fail_rate=0.0% | -> nudge up
  [4570/5297] (86%) ok=4366 fail=204 workers=12
  [4580/5297] (86%) ok=4375 fail=205 workers=12
  [concurrency] workers=8 | throughput=0.1 tiles/s | fail_rate=5.0% | v decrease (throughput degrading)
  [4590/5297] (87%) ok=4385 fail=205 workers=8
  [4600/5297] (87%) ok=4395 fail=205 workers=8
  checkpoint saved at 4400 ok tiles
  [concurrency] workers=12 | throughput=0.2 tiles/s | fail_rate=0.0% | -> nudge up
  [4610/5297] (87%) ok=4405 fail=205 workers=12
  [4620/5297] (87%) ok=4415 fail=205 workers=12
  [concurrency] workers=8 | throughput=0.2 tiles/s | fail_rate=5.0% | v decrease (throughput degrading)
  [4630/5297] (87%) ok=4424 fail=206 workers=8
  [4640/5297] (88%) ok=4427 fail=213 workers=8
  [concurrency] workers=8 | throughput=0.2 tiles/s | fail_rate=70.0% | v back off (high fail rate)
  [4650/5297] (88%) ok=4427 fail=223 workers=8
  [4660/5297] (88%) ok=4427 fail=233 workers=8
  [concurrency] workers=8 | throughput=0.0 tiles/s | fail_rate=100.0% | v back off (high fail rate)
  [4670/5297] (88%) ok=4427 fail=243 workers=8
  [4680/5297] (88%) ok=4427 fail=253 workers=8
  [concurrency] workers=8 | throughput=0.0 tiles/s | fail_rate=100.0% | v back off (high fail rate)
  [4690/5297] (89%) ok=4427 fail=263 workers=8
  [4700/5297] (89%) ok=4427 fail=273 workers=8
  [concurrency] workers=8 | throughput=0.0 tiles/s | fail_rate=100.0% | v back off (high fail rate)
  [4710/5297] (89%) ok=4427 fail=283 workers=8
  [4720/5297] (89%) ok=4427 fail=293 workers=8
  [concurrency] workers=8 | throughput=0.0 tiles/s | fail_rate=100.0% | v back off (high fail rate)
  [4730/5297] (89%) ok=4427 fail=303 workers=8
  [4740/5297] (89%) ok=4427 fail=313 workers=8
  [concurrency] workers=8 | throughput=0.0 tiles/s | fail_rate=100.0% | v back off (high fail rate)
  [4750/5297] (90%) ok=4427 fail=323 workers=8
  [4760/5297] (90%) ok=4427 fail=333 workers=8
  [concurrency] workers=8 | throughput=0.0 tiles/s | fail_rate=100.0% | v back off (high fail rate)
  [4770/5297] (90%) ok=4427 fail=343 workers=8
  [4780/5297] (90%) ok=4427 fail=353 workers=8
  [concurrency] workers=8 | throughput=0.0 tiles/s | fail_rate=100.0% | v back off (high fail rate)
  [4790/5297] (90%) ok=4427 fail=363 workers=8
  [4800/5297] (91%) ok=4427 fail=373 workers=8
  [concurrency] workers=8 | throughput=0.0 tiles/s | fail_rate=100.0% | v back off (high fail rate)
  [4810/5297] (91%) ok=4427 fail=383 workers=8
  [4820/5297] (91%) ok=4427 fail=393 workers=8
  [concurrency] workers=8 | throughput=0.0 tiles/s | fail_rate=100.0% | v back off (high fail rate)
  [4830/5297] (91%) ok=4427 fail=403 workers=8
  [4840/5297] (91%) ok=4427 fail=413 workers=8
  [concurrency] workers=8 | throughput=0.0 tiles/s | fail_rate=100.0% | v back off (high fail rate)
  [4850/5297] (92%) ok=4427 fail=423 workers=8
  [4860/5297] (92%) ok=4427 fail=433 workers=8
  [concurrency] workers=8 | throughput=0.0 tiles/s | fail_rate=100.0% | v back off (high fail rate)
  [4870/5297] (92%) ok=4427 fail=443 workers=8
  [4880/5297] (92%) ok=4427 fail=453 workers=8
  [concurrency] workers=8 | throughput=0.0 tiles/s | fail_rate=100.0% | v back off (high fail rate)
  [4890/5297] (92%) ok=4427 fail=463 workers=8
  [4900/5297] (93%) ok=4427 fail=473 workers=8
  [concurrency] workers=8 | throughput=0.0 tiles/s | fail_rate=100.0% | v back off (high fail rate)
  [4910/5297] (93%) ok=4427 fail=483 workers=8
  [4920/5297] (93%) ok=4427 fail=493 workers=8
  [concurrency] workers=8 | throughput=0.0 tiles/s | fail_rate=100.0% | v back off (high fail rate)
  [4930/5297] (93%) ok=4427 fail=503 workers=8
  [4940/5297] (93%) ok=4427 fail=513 workers=8
  [concurrency] workers=8 | throughput=0.0 tiles/s | fail_rate=100.0% | v back off (high fail rate)
  [4950/5297] (93%) ok=4427 fail=523 workers=8
  [4960/5297] (94%) ok=4427 fail=533 workers=8
  [concurrency] workers=8 | throughput=0.0 tiles/s | fail_rate=100.0% | v back off (high fail rate)
  [4970/5297] (94%) ok=4427 fail=543 workers=8
  [4980/5297] (94%) ok=4427 fail=553 workers=8
  [concurrency] workers=8 | throughput=0.0 tiles/s | fail_rate=100.0% | v back off (high fail rate)
  [4990/5297] (94%) ok=4427 fail=563 workers=8
  [5000/5297] (94%) ok=4427 fail=573 workers=8
  [concurrency] workers=8 | throughput=0.0 tiles/s | fail_rate=100.0% | v back off (high fail rate)
  [5010/5297] (95%) ok=4427 fail=583 workers=8
  [5020/5297] (95%) ok=4427 fail=593 workers=8
  [concurrency] workers=8 | throughput=0.0 tiles/s | fail_rate=100.0% | v back off (high fail rate)
  [5030/5297] (95%) ok=4427 fail=603 workers=8
  [5040/5297] (95%) ok=4427 fail=613 workers=8
  [concurrency] workers=8 | throughput=0.0 tiles/s | fail_rate=100.0% | v back off (high fail rate)
  [5050/5297] (95%) ok=4427 fail=623 workers=8
  [5060/5297] (96%) ok=4427 fail=633 workers=8
  [concurrency] workers=8 | throughput=0.0 tiles/s | fail_rate=100.0% | v back off (high fail rate)
  [5070/5297] (96%) ok=4427 fail=643 workers=8
  [5080/5297] (96%) ok=4427 fail=653 workers=8
  [concurrency] workers=8 | throughput=0.0 tiles/s | fail_rate=100.0% | v back off (high fail rate)
  [5090/5297] (96%) ok=4427 fail=663 workers=8
  [5100/5297] (96%) ok=4427 fail=673 workers=8
  [concurrency] workers=8 | throughput=0.0 tiles/s | fail_rate=100.0% | v back off (high fail rate)
  [5110/5297] (96%) ok=4427 fail=683 workers=8
  [5120/5297] (97%) ok=4427 fail=693 workers=8
  [concurrency] workers=8 | throughput=0.0 tiles/s | fail_rate=100.0% | v back off (high fail rate)
  [5130/5297] (97%) ok=4427 fail=703 workers=8
  [5140/5297] (97%) ok=4427 fail=713 workers=8
  [concurrency] workers=8 | throughput=0.0 tiles/s | fail_rate=100.0% | v back off (high fail rate)
  [5150/5297] (97%) ok=4427 fail=723 workers=8
  [5160/5297] (97%) ok=4427 fail=733 workers=8
  [concurrency] workers=8 | throughput=0.0 tiles/s | fail_rate=100.0% | v back off (high fail rate)
  [5170/5297] (98%) ok=4427 fail=743 workers=8
  [5180/5297] (98%) ok=4427 fail=753 workers=8
  [concurrency] workers=8 | throughput=0.0 tiles/s | fail_rate=100.0% | v back off (high fail rate)
  [5190/5297] (98%) ok=4427 fail=763 workers=8
  [5200/5297] (98%) ok=4427 fail=773 workers=8
  [concurrency] workers=8 | throughput=0.0 tiles/s | fail_rate=100.0% | v back off (high fail rate)
  [5210/5297] (98%) ok=4427 fail=783 workers=8
  [5220/5297] (99%) ok=4427 fail=793 workers=8
  [concurrency] workers=8 | throughput=0.0 tiles/s | fail_rate=100.0% | v back off (high fail rate)
  [5230/5297] (99%) ok=4427 fail=803 workers=8
  [5240/5297] (99%) ok=4427 fail=813 workers=8
  [concurrency] workers=8 | throughput=0.0 tiles/s | fail_rate=100.0% | v back off (high fail rate)
  [5250/5297] (99%) ok=4427 fail=823 workers=8
  [5260/5297] (99%) ok=4427 fail=833 workers=8
  [concurrency] workers=8 | throughput=0.0 tiles/s | fail_rate=100.0% | v back off (high fail rate)
  [5270/5297] (99%) ok=4427 fail=843 workers=8
  [5280/5297] (100%) ok=4427 fail=853 workers=8
  [concurrency] workers=8 | throughput=0.0 tiles/s | fail_rate=100.0% | v back off (high fail rate)
  [5290/5297] (100%) ok=4427 fail=863 workers=8
  [5297/5297] (100%) ok=4427 fail=870 workers=8
  [5300/5297] (100%) ok=4427 fail=873 workers=8

  Concurrency tuning summary:
   workers    tiles/s  fail_rate
         8       0.16       0.0%
        16       0.17       0.0%
        16       0.14      10.0%
         8       0.14       5.0%
        12       0.11       5.0% <- best
         8       0.15       5.0%
        12       0.13       5.0% <- best
         8       0.17       0.0%
        12       0.10       5.0% <- best
         8       0.15       0.0%
        12       0.12       0.0% <- best
         8       0.07      35.0%
         8       0.07      25.0%
         8       0.10      15.0%
         8       0.10      15.0%
         8       0.09       5.0%
        12       0.08      20.0% <- best
         8       0.07      40.0%
         8       0.07      20.0%
         8       0.10       5.0%
        12       0.07      10.0% <- best
         8       0.08       5.0%
        12       0.11       5.0% <- best
        16       0.09      20.0%
         8       0.06      35.0%
         8       0.16       0.0%
        12       0.28       5.0% <- best
        16       0.13       0.0%
         8       0.08       0.0%
         8       0.13       0.0%
        12       0.04      25.0% <- best
         8       0.11       0.0%
        12       0.12       5.0% <- best
        16       0.16       0.0%
        16       0.15       0.0%
        16       0.13       5.0%
         8       0.13       0.0%
        12       0.09      15.0% <- best
         8       0.08      20.0%
         8       0.09      20.0%
         8       0.07      30.0%
         8       0.09      25.0%
         8       0.14      10.0%
        12       0.11      15.0% <- best
         8       0.13       5.0%
        12       0.09      25.0% <- best
         8       0.26       0.0%
        12       0.13       5.0% <- best
         8       0.09      15.0%
         8       0.11      10.0%
        12       0.11       5.0% <- best
        16       0.09      30.0%
         8       0.10      15.0%
         8       0.10      30.0%
         8       0.07      20.0%
         8       0.08      45.0%
         8       0.07      40.0%
         8       0.06      35.0%
         8       0.06      55.0%
         8       0.10      10.0%
        12       0.18       0.0% <- best
        16       0.15       0.0%
         8       0.13      10.0%
         8       0.11      10.0%
         8       0.06      55.0%
         8       0.16       0.0%
        12       0.12      15.0% <- best
         8       0.11      10.0%
        12       0.12       5.0% <- best
        16       0.11      20.0%
         8       0.10      10.0%
         8       0.11       5.0%
        12       0.11      15.0% <- best
         8       0.11       5.0%
        12       0.10      10.0% <- best
        16       0.18       0.0%
        16       0.13       5.0%
         8       0.14       0.0%
        12       0.12       5.0% <- best
         8       0.25       0.0%
        12       0.22       5.0% <- best
         8       0.16      70.0%
         8       0.00     100.0%
         8       0.00     100.0%
         8       0.00     100.0%
         8       0.00     100.0%
         8       0.00     100.0%
         8       0.00     100.0%
         8       0.00     100.0%
         8       0.00     100.0%
         8       0.00     100.0%
         8       0.00     100.0%
         8       0.00     100.0%
         8       0.00     100.0%
         8       0.00     100.0%
         8       0.00     100.0%
         8       0.00     100.0%
         8       0.00     100.0%
         8       0.00     100.0%
         8       0.00     100.0%
         8       0.00     100.0%
         8       0.00     100.0%
         8       0.00     100.0%
         8       0.00     100.0%
         8       0.00     100.0%
         8       0.00     100.0%
         8       0.00     100.0%
         8       0.00     100.0%
         8       0.00     100.0%
         8       0.00     100.0%
         8       0.00     100.0%
         8       0.00     100.0%
         8       0.00     100.0%
         8       0.00     100.0%
  Best: 12 workers @ 0.28 tiles/s
  Checkpoint preserved (some assets failed).

  STAC fetch complete: 4427 ok / 877 failed
        fetched ok=4427 fail=877
  [2/4] QC (min_valid_ratio=0.8) ...
  QC [1000/5304] passed=954
  QC [2000/5304] passed=1900
  QC [3000/5304] passed=2804
  QC [4000/5304] passed=3526
  QC [5000/5304] passed=4032
  QC [5304/5304] passed=4034
QC complete: 4034 passed, 1270 failed (5304 total)
        QC passed 4034 / 5304
  [3/4] triage ...
  Triage [1000/4034] high=1000 low=0 contradiction=0
  Triage [2000/4034] high=2000 low=0 contradiction=0
  Triage [3000/4034] high=3000 low=0 contradiction=0
  Triage [4000/4034] high=4000 low=0 contradiction=0
  Triage [4034/4034] high=4034 low=0 contradiction=0
Triage complete: 4034 high / 0 low / 0 contradiction (4034 total)
        accepted 4034
  [4/4] assemble -> C:\Users\j.guthrie\Downloads\RESEARCH\infra_fm\data\curated_datasets\dataset_africa_transport_v1
C:\Users\j.guthrie\Downloads\RESEARCH\infra_fm\fetch_v1_overnight.py:221: DeprecationWarning: datetime.datetime.utcnow() is deprecated and scheduled for removal in a future version. Use timezone-aware objects to represent datetimes in UTC: datetime.datetime.now(datetime.UTC).
  "completed_at"   : datetime.utcnow().isoformat() + "Z",
  [1000/4034] saved=1000 failed=0
  [2000/4034] saved=2000 failed=0
  [3000/4034] saved=3000 failed=0
  [4000/4034] saved=4000 failed=0
  [4034/4034] saved=4034 failed=0

Dataset assembled: 4034 tiles saved, 0 failed
  Images:   C:\Users\j.guthrie\Downloads\RESEARCH\infra_fm\data\curated_datasets\dataset_africa_transport_v1\images
  Manifest: C:\Users\j.guthrie\Downloads\RESEARCH\infra_fm\data\curated_datasets\dataset_africa_transport_v1\manifest.json
  Summary:  C:\Users\j.guthrie\Downloads\RESEARCH\infra_fm\data\curated_datasets\dataset_africa_transport_v1\summary.csv

Tiles by asset type:
asset_type
transport.train_station    3363
transport.airport           658
transport.port_terminal      13

Tiles by source/modality:
source
stac_sentinel2_ms+sentinel1    4034

Temporal tiles: 0 / 4034
  [done] africa/transport in 35329s — 4034 tiles assembled

>>> [15/28] africa/energy (n=10,000)

========================================================================
CELL  africa/energy   (2026-06-04 18:45:17)
========================================================================
  loaded 10,000 assets from africa_energy_v1_sample.parquet
  [1/4] STAC fetch ...
STACImageryFetcher: modalities=['sentinel2_ms', 'sentinel1'], n_bands=9, temporal_stack=False, buffer_m=300, workers=8 (adaptive)
  Resuming from checkpoint: 4202 tiles already fetched
  STAC fetch: 5800 assets pending (4200 already checkpointed)
  checkpoint saved at 4200 ok tiles
  [4210/10000] (42%) ok=4206 fail=4 workers=8
  [4220/10000] (42%) ok=4216 fail=4 workers=8
  [concurrency] workers=16 | throughput=0.1 tiles/s | fail_rate=10.0% | ^ increase (throughput improving)
  [4230/10000] (42%) ok=4226 fail=4 workers=16
C:\Users\j.guthrie\Downloads\RESEARCH\infra_fm\curation\stac_imagery.py:240: RuntimeWarning: invalid value encountered in log10
  arr = np.where(arr > 0, 10 * np.log10(arr + 1e-10), vmin)
  [4240/10000] (42%) ok=4236 fail=4 workers=16
  [concurrency] workers=16 | throughput=0.4 tiles/s | fail_rate=0.0% | ^ increase (throughput improving)
  [4250/10000] (42%) ok=4246 fail=4 workers=16
  [4260/10000] (43%) ok=4256 fail=4 workers=16
  [concurrency] workers=8 | throughput=0.3 tiles/s | fail_rate=0.0% | v decrease (throughput degrading)
  [4270/10000] (43%) ok=4266 fail=4 workers=8
  [4280/10000] (43%) ok=4276 fail=4 workers=8
  [concurrency] workers=16 | throughput=0.6 tiles/s | fail_rate=0.0% | ^ increase (throughput improving)
  [4290/10000] (43%) ok=4286 fail=4 workers=16
  [4300/10000] (43%) ok=4296 fail=4 workers=16
  [concurrency] workers=8 | throughput=0.5 tiles/s | fail_rate=0.0% | v decrease (throughput degrading)
  [4310/10000] (43%) ok=4306 fail=4 workers=8
  [4320/10000] (43%) ok=4316 fail=4 workers=8
  [concurrency] workers=8 | throughput=0.1 tiles/s | fail_rate=0.0% | v decrease (throughput degrading)
