v1 overnight fetch — 28 cell(s) planned
  samples_dir     = C:\Users\j.guthrie\Downloads\RESEARCH\infra_fm\data\PIPELINE\03-v1-samples
  datasets_dir    = C:\Users\j.guthrie\Downloads\RESEARCH\infra_fm\data\curated_datasets
  checkpoints_dir = C:\Users\j.guthrie\Downloads\RESEARCH\infra_fm\data\checkpoints\v1
  modalities      = ['sentinel2_ms', 'sentinel1']
  buffer_m        = 300  (=> 600m tile)
  workers         = 8/16
  order           = smallest_per_region

idx  region               sector       n_assets
  0  central-america      telecom             1
  1  central-america      transport         570
  2  central-america      water           2,591
  3  central-america      energy          2,612
  4  australia-oceania    telecom            12
  5  australia-oceania    transport       2,178
  6  australia-oceania    energy          6,492
  7  australia-oceania    water          10,000
  8  south-america        telecom             8
  9  south-america        transport       3,997
 10  south-america        energy          9,999
 11  south-america        water          10,001
 12  africa               telecom             1
 13  africa               transport       5,297
 14  africa               energy         10,000
 15  africa               water          10,000
 16  asia                 telecom            32
 17  asia                 energy          9,999
 18  asia                 water          10,000
 19  asia                 transport      10,001
 20  north-america        telecom           279
 21  north-america        transport       7,757
 22  north-america        energy         10,000
 23  north-america        water          10,000
 24  europe               telecom           345
 25  europe               energy         10,000
 26  europe               water          10,000
 27  europe               transport      10,000
     TOTAL                              162,172

>>> [1/28] central-america/telecom (n=1)

========================================================================
CELL  central-america/telecom   (2026-06-01 23:26:27)
========================================================================
  [skip] C:\Users\j.guthrie\Downloads\RESEARCH\infra_fm\data\curated_datasets\dataset_central-america_telecom_v1\_SUCCESS already exists

>>> [2/28] central-america/transport (n=570)

========================================================================
CELL  central-america/transport   (2026-06-01 23:26:27)
========================================================================
  loaded 570 assets from central-america_transport_v1_sample.parquet
  [1/4] STAC fetch ...
STACImageryFetcher: modalities=['sentinel2_ms', 'sentinel1'], n_bands=9, temporal_stack=False, buffer_m=300, workers=8 (adaptive)
  STAC fetch: 570 assets pending (0 already checkpointed)
  [10/570] (2%) ok=10 fail=0 workers=8
  [20/570] (4%) ok=20 fail=0 workers=8
C:\Users\j.guthrie\Downloads\RESEARCH\infra_fm\curation\stac_imagery.py:240: RuntimeWarning: invalid value encountered in log10
  arr = np.where(arr > 0, 10 * np.log10(arr + 1e-10), vmin)
  [exception] central-america/transport: 'charmap' codec can't encode character '\u2191' in position 71: character maps to <undefined>
Traceback (most recent call last):
  File "C:\Users\j.guthrie\Downloads\RESEARCH\infra_fm\fetch_v1_overnight.py", line 293, in main
    r = run_cell(
        region          = region,
    ...<10 lines>...
        low_threshold   = args.low_threshold,
    )
  File "C:\Users\j.guthrie\Downloads\RESEARCH\infra_fm\fetch_v1_overnight.py", line 163, in run_cell
    tiles = fetcher.fetch_all(df)
  File "C:\Users\j.guthrie\Downloads\RESEARCH\infra_fm\curation\stac_imagery.py", line 827, in fetch_all
    new_count = controller.evaluate_and_adjust()
  File "C:\Users\j.guthrie\Downloads\RESEARCH\infra_fm\curation\stac_imagery.py", line 191, in evaluate_and_adjust
    print(f"  [concurrency] workers={self.current} | "
    ~~~~~^^^^^^^^^^^^^^^^^^^^^^^^^^^^^^^^^^^^^^^^^^^^^
          f"throughput={tp:.1f} tiles/s | "
          ^^^^^^^^^^^^^^^^^^^^^^^^^^^^^^^^^
          f"fail_rate={fail_rate:.1%} | {action}",
          ^^^^^^^^^^^^^^^^^^^^^^^^^^^^^^^^^^^^^^^^
          flush=True)
          ^^^^^^^^^^^
  File "C:\Users\j.guthrie\AppData\Local\Programs\Python\Python313\Lib\encodings\cp1252.py", line 19, in encode
    return codecs.charmap_encode(input,self.errors,encoding_table)[0]
           ~~~~~~~~~~~~~~~~~~~~~^^^^^^^^^^^^^^^^^^^^^^^^^^^^^^^^^^
UnicodeEncodeError: 'charmap' codec can't encode character '\u2191' in position 71: character maps to <undefined>

>>> [3/28] central-america/water (n=2,591)

========================================================================
CELL  central-america/water   (2026-06-02 00:03:33)
========================================================================
  loaded 2,591 assets from central-america_water_v1_sample.parquet
  [1/4] STAC fetch ...
STACImageryFetcher: modalities=['sentinel2_ms', 'sentinel1'], n_bands=9, temporal_stack=False, buffer_m=300, workers=8 (adaptive)
  STAC fetch: 2591 assets pending (0 already checkpointed)
  [10/2591] (0%) ok=10 fail=0 workers=8
  [20/2591] (1%) ok=20 fail=0 workers=8
C:\Users\j.guthrie\Downloads\RESEARCH\infra_fm\curation\stac_imagery.py:240: RuntimeWarning: invalid value encountered in log10
  arr = np.where(arr > 0, 10 * np.log10(arr + 1e-10), vmin)
  [exception] central-america/water: 'charmap' codec can't encode character '\u2191' in position 71: character maps to <undefined>
Traceback (most recent call last):
  File "C:\Users\j.guthrie\Downloads\RESEARCH\infra_fm\fetch_v1_overnight.py", line 293, in main
    r = run_cell(
        region          = region,
    ...<10 lines>...
        low_threshold   = args.low_threshold,
    )
  File "C:\Users\j.guthrie\Downloads\RESEARCH\infra_fm\fetch_v1_overnight.py", line 163, in run_cell
    tiles = fetcher.fetch_all(df)
  File "C:\Users\j.guthrie\Downloads\RESEARCH\infra_fm\curation\stac_imagery.py", line 827, in fetch_all
    new_count = controller.evaluate_and_adjust()
  File "C:\Users\j.guthrie\Downloads\RESEARCH\infra_fm\curation\stac_imagery.py", line 191, in evaluate_and_adjust
    print(f"  [concurrency] workers={self.current} | "
    ~~~~~^^^^^^^^^^^^^^^^^^^^^^^^^^^^^^^^^^^^^^^^^^^^^
          f"throughput={tp:.1f} tiles/s | "
          ^^^^^^^^^^^^^^^^^^^^^^^^^^^^^^^^^
          f"fail_rate={fail_rate:.1%} | {action}",
          ^^^^^^^^^^^^^^^^^^^^^^^^^^^^^^^^^^^^^^^^
          flush=True)
          ^^^^^^^^^^^
  File "C:\Users\j.guthrie\AppData\Local\Programs\Python\Python313\Lib\encodings\cp1252.py", line 19, in encode
    return codecs.charmap_encode(input,self.errors,encoding_table)[0]
           ~~~~~~~~~~~~~~~~~~~~~^^^^^^^^^^^^^^^^^^^^^^^^^^^^^^^^^^
UnicodeEncodeError: 'charmap' codec can't encode character '\u2191' in position 71: character maps to <undefined>

>>> [4/28] central-america/energy (n=2,612)

========================================================================
CELL  central-america/energy   (2026-06-02 03:00:00)
========================================================================
  loaded 2,612 assets from central-america_energy_v1_sample.parquet
  [1/4] STAC fetch ...
C:\Users\j.guthrie\Downloads\RESEARCH\infra_fm\curation\stac_imagery.py:240: RuntimeWarning: invalid value encountered in log10
  arr = np.where(arr > 0, 10 * np.log10(arr + 1e-10), vmin)
STACImageryFetcher: modalities=['sentinel2_ms', 'sentinel1'], n_bands=9, temporal_stack=False, buffer_m=300, workers=8 (adaptive)
  STAC fetch: 2612 assets pending (0 already checkpointed)
  [10/2612] (0%) ok=10 fail=0 workers=8
  [20/2612] (1%) ok=20 fail=0 workers=8
